{
    "Header": {
        "data_specs_version": "01.00.21",
        "table_id": "Table CNRM_HOMEPmon",
        "realm": "atmos",
        "cmor_version": "3.2",
        "table_date": "27 Feb 2018",
        "missing_value": "1e20",
        "product": "model-output",
        "approx_interval": "0.250000",
        "generic_levels": "",
        "mip_era": "CMIP6",
        "Conventions": "CF-1.7 CMIP-6.0"
    },
    "variable_entry": {
        "ta": {
            "frequency": "mon", 
            "modeling_realm": "atmos", 
            "standard_name": "air_temperature", 
            "units": "K", 
            "cell_methods": "area: time: mean", 
            "cell_measures": "area: areacella", 
            "long_name": "Air Temperature", 
            "comment": "Air Temperature", 
            "dimensions": "longitude latitude plev7hm time", 
            "out_name": "ta", 
            "type": "real", 
            "positive": "", 
            "valid_min": "", 
            "valid_max": "", 
            "ok_min_mean_abs": "", 
            "ok_max_mean_abs": "", 
            "cnrm_priority": "1"
        }, 
        "ua": {
            "frequency": "mon", 
            "modeling_realm": "atmos", 
            "standard_name": "eastward_wind", 
            "units": "m s-1", 
            "cell_methods": "area: time: mean", 
            "cell_measures": "area: areacella", 
            "long_name": "Eastward Wind", 
            "comment": "Eastward Wind", 
            "dimensions": "longitude latitude plev7hm time", 
            "out_name": "ua", 
            "type": "real", 
            "positive": "", 
            "valid_min": "", 
            "valid_max": "", 
            "ok_min_mean_abs": "", 
            "ok_max_mean_abs": "", 
            "cnrm_priority": "1"
        }, 
        "va": {
            "frequency": "mon", 
            "modeling_realm": "atmos", 
            "standard_name": "northward_wind", 
            "units": "m s-1", 
            "cell_methods": "area: time: mean", 
            "cell_measures": "area: areacella", 
            "long_name": "Northward Wind", 
            "comment": "Northward Wind", 
            "dimensions": "longitude latitude plev7hm time", 
            "out_name": "va", 
            "type": "real", 
            "positive": "", 
            "valid_min": "", 
            "valid_max": "", 
            "ok_min_mean_abs": "", 
            "ok_max_mean_abs": "", 
            "cnrm_priority": "1"
        }, 
        "zg": {
            "frequency": "mon", 
            "modeling_realm": "atmos", 
            "standard_name": "geopotential_height", 
            "units": "m", 
            "cell_methods": "area: time: mean", 
            "cell_measures": "area: areacella", 
            "long_name": "Geopotential Height", 
            "comment": "Geopotential Height", 
            "dimensions": "longitude latitude plev7hm time", 
            "out_name": "zg", 
            "type": "real", 
            "positive": "", 
            "valid_min": "", 
            "valid_max": "", 
            "ok_min_mean_abs": "", 
            "ok_max_mean_abs": "", 
            "cnrm_priority": "1"
        }, 
        "hus": {
            "frequency": "mon", 
            "modeling_realm": "atmos", 
            "standard_name": "specific_humidity", 
            "units": "1", 
            "cell_methods": "area: time: mean", 
            "cell_measures": "area: areacella", 
            "long_name": "Specific Humidity", 
            "comment": "Specific Humidity", 
            "dimensions": "longitude latitude plev7hm time", 
            "out_name": "hus", 
            "type": "real", 
            "positive": "", 
            "valid_min": "", 
            "valid_max": "", 
            "ok_min_mean_abs": "", 
            "ok_max_mean_abs": "", 
            "cnrm_priority": "1"
        }, 
        "wap": {
            "frequency": "mon", 
            "modeling_realm": "atmos", 
            "standard_name": "lagrangian_tendency_of_air_pressure", 
            "units": "Pa s-1", 
            "cell_methods": "area: time: mean", 
            "cell_measures": "area: areacella", 
            "long_name": "omega (=dp/dt)", 
            "comment": "Omega (vertical velocity in pressure coordinates, positive downwards)", 
            "dimensions": "longitude latitude plev7hm time", 
            "out_name": "wap", 
            "type": "real", 
            "positive": "", 
            "valid_min": "", 
            "valid_max": "", 
            "ok_min_mean_abs": "", 
            "ok_max_mean_abs": "", 
            "cnrm_priority": "1"
        },
        "o3": {
            "frequency": "mon", 
            "modeling_realm": "atmos", 
            "standard_name": "mole_fraction_of_ozone_in_air", 
            "units": "mol mol-1", 
            "cell_methods": "area: time: mean", 
            "cell_measures": "area: areacella", 
            "long_name": "Ozone volume mixing ratio", 
            "comment": "", 
            "dimensions": "longitude latitude Plev39hm time", 
            "out_name": "o3", 
            "type": "real", 
            "positive": "", 
            "valid_min": "", 
            "valid_max": "", 
            "ok_min_mean_abs": "", 
            "ok_max_mean_abs": "", 
            "cnrm_priority": "1"
        }, 
        "co": {
            "frequency": "mon", 
            "modeling_realm": "atmos", 
            "standard_name": "mole_fraction_of_carbon_monoxide_in_air", 
            "units": "mol mol-1", 
            "cell_methods": "area: time: mean", 
            "cell_measures": "area: areacella", 
            "long_name": "CO volume mixing ratio", 
            "comment": "", 
            "dimensions": "longitude latitude Plev39hm time", 
            "out_name": "co", 
            "type": "real", 
            "positive": "", 
            "valid_min": "", 
            "valid_max": "", 
            "ok_min_mean_abs": "", 
            "ok_max_mean_abs": "", 
            "cnrm_priority": "1"
        }, 
        "no2": {
            "frequency": "mon", 
            "modeling_realm": "atmos", 
            "standard_name": "mole_fraction_of_nitrogen_dioxide_in_air", 
            "units": "mol mol-1", 
            "cell_methods": "area: time: mean", 
            "cell_measures": "area: areacella", 
            "long_name": "NO2 volume mixing ratio", 
            "comment": "", 
            "dimensions": "longitude latitude Plev39hm time", 
            "out_name": "no2", 
            "type": "real", 
            "positive": "", 
            "valid_min": "", 
            "valid_max": "", 
            "ok_min_mean_abs": "", 
            "ok_max_mean_abs": "", 
            "cnrm_priority": "1"
        }
    }
}
